// Jest Snapshot v1, https://goo.gl/fbAQLP

exports[`Todo Components TodoList should match snapshot 1`] = `
<div>
  <div
    class="ant-list ant-list-sm ant-list-split ant-list-bordered"
  >
    <div
      class="ant-list-header"
    >
      <div
        class="ant-spin-nested-loading"
      >
        <div
          class="ant-spin-container"
        >
          <input
            class="ant-input"
            placeholder="Here is your today's todo list"
            type="text"
            value=""
          />
        </div>
      </div>
    </div>
    <div
      class="ant-spin-nested-loading"
    >
      <div
        class="ant-spin-container"
      >
        <div
          class="ant-spin-nested-loading"
        >
          <div
            class="ant-spin-container"
          >
            <div
              class="ant-list-item"
            >
              <div
                class="ant-list-item-meta"
              >
                <div
                  class="ant-list-item-meta-content"
                >
                  <h4
                    class="ant-list-item-meta-title"
                  >
                    <div>
                      <span
                        class="ant-typography"
                      >
                        todo1
                        <button
                          aria-label="edit"
                          class="ant-typography-edit"
                          style="border: 0px; background: transparent; padding: 0px; line-height: inherit;"
                        >
                          <i
                            aria-label="icon: edit"
                            class="anticon anticon-edit"
                            role="button"
                          >
                            <svg
                              aria-hidden="true"
                              class=""
                              data-icon="edit"
                              fill="currentColor"
                              height="1em"
                              viewBox="64 64 896 896"
                              width="1em"
                            >
                              <path
                                d="M257.7 752c2 0 4-.2 6-.5L431.9 722c2-.4 3.9-1.3 5.3-2.8l423.9-423.9a9.96 9.96 0 0 0 0-14.1L694.9 114.9c-1.9-1.9-4.4-2.9-7.1-2.9s-5.2 1-7.1 2.9L256.8 538.8c-1.5 1.5-2.4 3.3-2.8 5.3l-29.5 168.2a33.5 33.5 0 0 0 9.4 29.8c6.6 6.4 14.9 9.9 23.8 9.9zm67.4-174.4L687.8 215l73.3 73.3-362.7 362.6-88.9 15.7 15.6-89zM880 836H144c-17.7 0-32 14.3-32 32v36c0 4.4 3.6 8 8 8h784c4.4 0 8-3.6 8-8v-36c0-17.7-14.3-32-32-32z"
                              />
                            </svg>
                          </i>
                        </button>
                      </span>
                    </div>
                  </h4>
                </div>
              </div>
              <ul
                class="ant-list-item-action"
              >
                <li>
                  <a>
                    toggle
                  </a>
                  <em
                    class="ant-list-item-action-split"
                  />
                </li>
                <li>
                  <a
                    href="javascript:;"
                    style="color: red;"
                  >
                    remove
                  </a>
                </li>
              </ul>
            </div>
          </div>
        </div>
        <div
          class="ant-spin-nested-loading"
        >
          <div
            class="ant-spin-container"
          >
            <div
              class="ant-list-item"
            >
              <div
                class="ant-list-item-meta"
              >
                <div
                  class="ant-list-item-meta-content"
                >
                  <h4
                    class="ant-list-item-meta-title"
                  >
                    <div>
                      <span
                        class="ant-typography"
                      >
                        todo2
                        <button
                          aria-label="edit"
                          class="ant-typography-edit"
                          style="border: 0px; background: transparent; padding: 0px; line-height: inherit;"
                        >
                          <i
                            aria-label="icon: edit"
                            class="anticon anticon-edit"
                            role="button"
                          >
                            <svg
                              aria-hidden="true"
                              class=""
                              data-icon="edit"
                              fill="currentColor"
                              height="1em"
                              viewBox="64 64 896 896"
                              width="1em"
                            >
                              <path
                                d="M257.7 752c2 0 4-.2 6-.5L431.9 722c2-.4 3.9-1.3 5.3-2.8l423.9-423.9a9.96 9.96 0 0 0 0-14.1L694.9 114.9c-1.9-1.9-4.4-2.9-7.1-2.9s-5.2 1-7.1 2.9L256.8 538.8c-1.5 1.5-2.4 3.3-2.8 5.3l-29.5 168.2a33.5 33.5 0 0 0 9.4 29.8c6.6 6.4 14.9 9.9 23.8 9.9zm67.4-174.4L687.8 215l73.3 73.3-362.7 362.6-88.9 15.7 15.6-89zM880 836H144c-17.7 0-32 14.3-32 32v36c0 4.4 3.6 8 8 8h784c4.4 0 8-3.6 8-8v-36c0-17.7-14.3-32-32-32z"
                              />
                            </svg>
                          </i>
                        </button>
                      </span>
                    </div>
                  </h4>
                </div>
              </div>
              <ul
                class="ant-list-item-action"
              >
                <li>
                  <a>
                    toggle
                  </a>
                  <em
                    class="ant-list-item-action-split"
                  />
                </li>
                <li>
                  <a
                    href="javascript:;"
                    style="color: red;"
                  >
                    remove
                  </a>
                </li>
              </ul>
            </div>
          </div>
        </div>
      </div>
    </div>
  </div>
</div>
`;
